<html>
<body>
<pre>
<h1>礦ision Build Log</h1>
<h2>Tool Versions:</h2>
IDE-Version: μVision V5.36.0.0
Copyright (C) 2021 ARM Ltd and ARM Germany GmbH. All rights reserved.
License Information: a maceluo, a, LIC=VGXG8-35RRN-8TY3P-M40RI-UHXED-FT8KI
 
Tool Versions:
Toolchain:       MDK-ARM Plus  Version: 5.36.0.0
Toolchain Path:  C:\_Embedded\keilv5\ARM\ARMCC\Bin
C Compiler:      Armcc.exe V5.06 update 7 (build 960)
Assembler:       Armasm.exe V5.06 update 7 (build 960)
Linker/Locator:  ArmLink.exe V5.06 update 7 (build 960)
Library Manager: ArmAr.exe V5.06 update 7 (build 960)
Hex Converter:   FromElf.exe V5.06 update 7 (build 960)
CPU DLL:         SARMCM3.DLL V5.36.0.0
Dialog DLL:      DCM.DLL V1.17.3.0
Target DLL:      UL2CM3.DLL V1.164.0.0
Dialog DLL:      TCM.DLL V1.53.0.0
 
<h2>Project:</h2>
C:\_code\stm32\3-[野火]《FreeRTOS内核实现与应用开发实战指南》\1-书籍配套程序\第一部分\Cortex-M4\04，新建FreeRTOS工程—软件仿真\Project\Fire_FreeRTOS.uvprojx
Project File Date:  01/22/2025

<h2>Output:</h2>
*** Using Compiler 'V5.06 update 7 (build 960)', folder: 'C:\_Embedded\keilv5\ARM\ARMCC\Bin'
Rebuild target 'Target 1'
assembling startup_ARMCM4.s...
compiling main.c...
compiling system_ARMCM4.c...
linking...
Program Size: Code=288 RO-data=992 RW-data=4 ZI-data=1028  
".\Objects\YH-RT-Thread.axf" - 0 Error(s), 0 Warning(s).

<h2>Software Packages used:</h2>

Package Vendor: ARM
                http://www.keil.com/pack/ARM.CMSIS.5.8.0.pack
                ARM.CMSIS.5.8.0
                CMSIS (Common Microcontroller Software Interface Standard)
   * Component: CORE Version: 5.5.0
   * Component: Startup Version: 1.2.2

<h2>Collection of Component include folders:</h2>
  .\RTE\_Target_1
  C:\Users\maceluo\AppData\Local\Arm\Packs\ARM\CMSIS\5.8.0\CMSIS\Core\Include
  C:\Users\maceluo\AppData\Local\Arm\Packs\ARM\CMSIS\5.8.0\Device\ARM\ARMCM4\Include

<h2>Collection of Component Files used:</h2>

   * Component: ARM::CMSIS:CORE:5.5.0

   * Component: ARM::Device:Startup:1.2.2
      Source file:   Device\ARM\ARMCM4\Source\system_ARMCM4.c
      Source file:   Device\ARM\ARMCM4\Source\ARM\startup_ARMCM4.s
Build Time Elapsed:  00:00:00
</pre>
</body>
</html>
